#-----------------------------------------------------------
# Vivado v2016.1 (64-bit)
# SW Build 1538259 on Fri Apr  8 15:45:23 MDT 2016
# IP Build 1537824 on Fri Apr  8 04:28:57 MDT 2016
# Start of session at: Thu Jun 16 22:08:51 2016
# Process ID: 3047
# Current directory: /home/wanderso/tools/blog/wanderso.github.io
# Command line: vivado
# Log file: /home/wanderso/tools/blog/wanderso.github.io/vivado.log
# Journal file: /home/wanderso/tools/blog/wanderso.github.io/vivado.jou
#-----------------------------------------------------------
start_gui
open_project /home/wanderso/Vivaldo_Experiments/echo_server/echo_server.xpr
update_compile_order -fileset sources_1
set_property  ip_repo_paths  {/home/wanderso/Downloads/vivado-library-master/ip /home/wanderso/Downloads/vivado-library-master} [current_project]
update_ip_catalog
set_property  ip_repo_paths  /home/wanderso/Downloads/vivado-library-master [current_project]
update_ip_catalog
set_property  ip_repo_paths  {} [current_project]
update_ip_catalog
update_ip_catalog -rebuild
